// Jest Snapshot v1, https://goo.gl/fbAQLP

exports[`Sections/NewHeader Default smoke-test 1`] = `
<nav aria-label="Primary">
  <div>
    <div>
      <a aria-label="Homepage"
         href="/en"
      >
        <div>
          <div>
            <img alt="light-logo"
                 loading="lazy"
                 width="111"
                 height="33"
                 decoding="async"
                 data-nimg="1"
                 srcset="static/images/logo-light.svg?w=128&amp;q=75 1x, static/images/logo-light.svg?w=256&amp;q=75 2x"
                 src="static/images/logo-light.svg?w=256&amp;q=75"
                 style="color: transparent;"
            >
          </div>
          <div>
            <img alt="dark-logo"
                 loading="lazy"
                 width="111"
                 height="33"
                 decoding="async"
                 data-nimg="1"
                 srcset="static/images/logo.svg?w=128&amp;q=75 1x, static/images/logo.svg?w=256&amp;q=75 2x"
                 src="static/images/logo.svg?w=256&amp;q=75"
                 style="color: transparent;"
            >
          </div>
        </div>
      </a>
    </div>
    <ul>
      <li>
        <a href="/en/learn">
          Learn
        </a>
      </li>
      <li>
        <a href="/en/download">
          Downloads
        </a>
      </li>
      <li>
        <a href="/en/docs">
          API Docs
        </a>
      </li>
      <li>
        <a href="/en/about">
          About
        </a>
      </li>
      <li>
        <a href="https://openjsf.org/certification/">
          Certification
        </a>
      </li>
    </ul>
    <div>
      <ul>
        <li>
          <button type="button"
                  aria-pressed="false"
                  aria-label="Toggle dark/light mode"
          >
            <svg stroke="currentColor"
                 fill="currentColor"
                 stroke-width="0"
                 viewbox="0 0 24 24"
                 height="1em"
                 width="1em"
                 xmlns="http://www.w3.org/2000/svg"
            >
              <path fill="none"
                    d="M0 0h24v24H0V0z"
              >
              </path>
              <path d="M14 2c1.82 0 3.53.5 5 1.35-2.99 1.73-5 4.95-5 8.65s2.01 6.92 5 8.65A9.973 9.973 0 0114 22C8.48 22 4 17.52 4 12S8.48 2 14 2z">
              </path>
            </svg>
            <svg stroke="currentColor"
                 fill="currentColor"
                 stroke-width="0"
                 viewbox="0 0 24 24"
                 height="1em"
                 width="1em"
                 xmlns="http://www.w3.org/2000/svg"
            >
              <path fill="none"
                    d="M0 0h24v24H0z"
              >
              </path>
              <path d="M12 7c-2.76 0-5 2.24-5 5s2.24 5 5 5 5-2.24 5-5-2.24-5-5-5zM2 13h2c.55 0 1-.45 1-1s-.45-1-1-1H2c-.55 0-1 .45-1 1s.45 1 1 1zm18 0h2c.55 0 1-.45 1-1s-.45-1-1-1h-2c-.55 0-1 .45-1 1s.45 1 1 1zM11 2v2c0 .55.45 1 1 1s1-.45 1-1V2c0-.55-.45-1-1-1s-1 .45-1 1zm0 18v2c0 .55.45 1 1 1s1-.45 1-1v-2c0-.55-.45-1-1-1s-1 .45-1 1zM5.99 4.58a.996.996 0 00-1.41 0 .996.996 0 000 1.41l1.06 1.06c.39.39 1.03.39 1.41 0s.39-1.03 0-1.41L5.99 4.58zm12.37 12.37a.996.996 0 00-1.41 0 .996.996 0 000 1.41l1.06 1.06c.39.39 1.03.39 1.41 0a.996.996 0 000-1.41l-1.06-1.06zm1.06-10.96a.996.996 0 000-1.41.996.996 0 00-1.41 0l-1.06 1.06c-.39.39-.39 1.03 0 1.41s1.03.39 1.41 0l1.06-1.06zM7.05 18.36a.996.996 0 000-1.41.996.996 0 00-1.41 0l-1.06 1.06c-.39.39-.39 1.03 0 1.41s1.03.39 1.41 0l1.06-1.06z">
              </path>
            </svg>
          </button>
        </li>
        <li>
          <ul style="display: none; position: absolute; top: 60%; right: 0px; margin: 0px;">
            <li>
              <button type="button"
                      style="font-weight: normal;"
              >
                العربية
              </button>
            </li>
            <li>
              <button type="button"
                      style="font-weight: normal;"
              >
                Catalan
              </button>
            </li>
            <li>
              <button type="button"
                      style="font-weight: normal;"
              >
                Deutsch
              </button>
            </li>
            <li>
              <button type="button"
                      style="font-weight: bold;"
              >
                English
              </button>
            </li>
            <li>
              <button type="button"
                      style="font-weight: normal;"
              >
                Español
              </button>
            </li>
            <li>
              <button type="button"
                      style="font-weight: normal;"
              >
                زبان فارسی
              </button>
            </li>
            <li>
              <button type="button"
                      style="font-weight: normal;"
              >
                Français
              </button>
            </li>
            <li>
              <button type="button"
                      style="font-weight: normal;"
              >
                Bahasa Indonesia
              </button>
            </li>
            <li>
              <button type="button"
                      style="font-weight: normal;"
              >
                Italiano
              </button>
            </li>
            <li>
              <button type="button"
                      style="font-weight: normal;"
              >
                日本語
              </button>
            </li>
            <li>
              <button type="button"
                      style="font-weight: normal;"
              >
                ქართული
              </button>
            </li>
            <li>
              <button type="button"
                      style="font-weight: normal;"
              >
                한국어
              </button>
            </li>
            <li>
              <button type="button"
                      style="font-weight: normal;"
              >
                Português do Brasil
              </button>
            </li>
            <li>
              <button type="button"
                      style="font-weight: normal;"
              >
                limba română
              </button>
            </li>
            <li>
              <button type="button"
                      style="font-weight: normal;"
              >
                Русский
              </button>
            </li>
            <li>
              <button type="button"
                      style="font-weight: normal;"
              >
                Türkçe
              </button>
            </li>
            <li>
              <button type="button"
                      style="font-weight: normal;"
              >
                Українська
              </button>
            </li>
            <li>
              <button type="button"
                      style="font-weight: normal;"
              >
                简体中文
              </button>
            </li>
            <li>
              <button type="button"
                      style="font-weight: normal;"
              >
                繁體中文
              </button>
            </li>
          </ul>
          <button type="button"
                  aria-expanded="false"
                  aria-label="Switch Language"
          >
            <svg stroke="currentColor"
                 fill="currentColor"
                 stroke-width="0"
                 viewbox="0 0 24 24"
                 height="1em"
                 width="1em"
                 xmlns="http://www.w3.org/2000/svg"
            >
              <path fill="none"
                    d="M0 0h24v24H0V0z"
              >
              </path>
              <path d="M12.87 15.07l-2.54-2.51.03-.03A17.52 17.52 0 0014.07 6H17V4h-7V2H8v2H1v1.99h11.17C11.5 7.92 10.44 9.75 9 11.35 8.07 10.32 7.3 9.19 6.69 8h-2c.73 1.63 1.73 3.17 2.98 4.56l-5.09 5.02L4 19l5-5 3.11 3.11.76-2.04zM18.5 10h-2L12 22h2l1.12-3h4.75L21 22h2l-4.5-12zm-2.62 7l1.62-4.33L19.12 17h-3.24z">
              </path>
            </svg>
          </button>
        </li>
        <li>
          <a target="_blank"
             href="https://github.com/nodejs/nodejs.org"
             rel="noopener noreferrer"
             aria-label="Nodejs.org Github Page (opens in new tab)"
          >
            <svg stroke="currentColor"
                 fill="currentColor"
                 stroke-width="0"
                 viewbox="0 0 496 512"
                 height="1em"
                 width="1em"
                 xmlns="http://www.w3.org/2000/svg"
            >
              <path d="M165.9 397.4c0 2-2.3 3.6-5.2 3.6-3.3.3-5.6-1.3-5.6-3.6 0-2 2.3-3.6 5.2-3.6 3-.3 5.6 1.3 5.6 3.6zm-31.1-4.5c-.7 2 1.3 4.3 4.3 4.9 2.6 1 5.6 0 6.2-2s-1.3-4.3-4.3-5.2c-2.6-.7-5.5.3-6.2 2.3zm44.2-1.7c-2.9.7-4.9 2.6-4.6 4.9.3 2 2.9 3.3 5.9 2.6 2.9-.7 4.9-2.6 4.6-4.6-.3-1.9-3-3.2-5.9-2.9zM244.8 8C106.1 8 0 113.3 0 252c0 110.9 69.8 205.8 169.5 239.2 12.8 2.3 17.3-5.6 17.3-12.1 0-6.2-.3-40.4-.3-61.4 0 0-70 15-84.7-29.8 0 0-11.4-29.1-27.8-36.6 0 0-22.9-15.7 1.6-15.4 0 0 24.9 2 38.6 25.8 21.9 38.6 58.6 27.5 72.9 20.9 2.3-16 8.8-27.1 16-33.7-55.9-6.2-112.3-14.3-112.3-110.5 0-27.5 7.6-41.3 23.6-58.9-2.6-6.5-11.1-33.3 2.6-67.9 20.9-6.5 69 27 69 27 20-5.6 41.5-8.5 62.8-8.5s42.8 2.9 62.8 8.5c0 0 48.1-33.6 69-27 13.7 34.7 5.2 61.4 2.6 67.9 16 17.7 25.8 31.5 25.8 58.9 0 96.5-58.9 104.2-114.8 110.5 9.2 7.9 17 22.9 17 46.4 0 33.7-.3 75.4-.3 83.6 0 6.5 4.6 14.4 17.3 12.1C428.2 457.8 496 362.9 496 252 496 113.3 383.5 8 244.8 8zM97.2 352.9c-1.3 1-1 3.3.7 5.2 1.6 1.6 3.9 2.3 5.2 1 1.3-1 1-3.3-.7-5.2-1.6-1.6-3.9-2.3-5.2-1zm-10.8-8.1c-.7 1.3.3 2.9 2.3 3.9 1.6 1 3.6.7 4.3-.7.7-1.3-.3-2.9-2.3-3.9-2-.6-3.6-.3-4.3.7zm32.4 35.6c-1.6 1.3-1 4.3 1.3 6.2 2.3 2.3 5.2 2.6 6.5 1 1.3-1.3.7-4.3-1.3-6.2-2.2-2.3-5.2-2.6-6.5-1zm-11.4-14.7c-1.6 1-1.6 3.6 0 5.9 1.6 2.3 4.3 3.3 5.6 2.3 1.6-1.3 1.6-3.9 0-6.2-1.4-2.3-4-3.3-5.6-2z">
              </path>
            </svg>
          </a>
        </li>
      </ul>
    </div>
  </div>
</nav>
`;
